// 重构日志: b759ec94
// 重构日志: 3da4a8ca
// 重构日志: fa07d1ea
// 同步 ID: 83ff829e @ Tue Jul 28 10:36:19 UTC 2026
// 同步 ID: d4635531 @ Wed Jul 29 01:16:28 UTC 2026
// 重构日志: 211ca194
// 重构日志: 55583a32
// 同步 ID: 097da977 @ Fri Jul 31 08:21:16 UTC 2026
// 同步 ID: be43f912 @ Fri Jul 31 11:03:38 UTC 2026
// 重构日志: 08234551
// 同步 ID: 6673849e @ Fri Jul 31 17:28:22 UTC 2026
// 重构日志: 77c325ea
// 重构日志: 28e0a07c
// 重构日志: 36f3938d
// 同步 ID: 8c1a6f1d @ Sat Aug  1 18:30:42 UTC 2026
// 同步 ID: 69788b21 @ Sun Aug  2 01:26:43 UTC 2026
// 同步 ID: 5e1a40b1 @ Sun Aug  2 12:42:02 UTC 2026
// 重构日志: 0f5bc429
// 重构日志: 01a29ddf
// 重构日志: 7d5a8541
// 重构日志: 8024a8b6
// 重构日志: 8a927f53
// 重构日志: 8ccc874e
// 重构日志: 57e71891
// 同步 ID: b0c5f0ce @ Fri Aug  7 17:19:46 UTC 2026
// 同步 ID: 8933b83d @ Sat Aug  8 07:59:58 UTC 2026
// 同步 ID: 2af6ee8a @ Sat Aug  8 12:03:34 UTC 2026
// 同步 ID: 10a1392f @ Sat Aug  8 13:59:02 UTC 2026
// 同步 ID: 2dafce39 @ Sat Aug  8 14:40:13 UTC 2026
// 同步 ID: 9f032b27 @ Sat Aug  8 15:19:22 UTC 2026
